../Core/Src/main.c:75:6:USART_fsend	152	static,ignoring_inline_asm
../Core/Src/main.c:103:9:USART_kbhit	4	static
../Core/Src/main.c:112:9:USART_getchar	16	static
../Core/Src/main.c:125:6:VIEWLAST	16	static
../Core/Src/main.c:134:6:CHCDEV	16	static
../Core/Src/main.c:143:6:SRCDEV	16	static
../Core/Src/main.c:152:6:CHCINT	16	static
../Core/Src/main.c:161:6:VIEWR	16	static
../Core/Src/main.c:170:6:VIEW	16	static
../Core/Src/main.c:179:6:CHGDEV	16	static
../Core/Src/main.c:188:6:CHGINT	16	static
../Core/Src/main.c:197:9:USART_validateFrameHST	328	static
../Core/Src/main.c:264:6:HAL_UART_TxCpltCallback	24	static
../Core/Src/main.c:275:6:HAL_UART_RxCpltCallback	16	static
../Core/Src/main.c:283:6:USART2_Init	8	static
../Core/Src/main.c:307:5:main	320	static
../Core/Src/main.c:414:6:SystemClock_Config	88	static
../Core/Src/main.c:461:13:MX_CRC_Init	8	static
../Core/Src/main.c:487:13:MX_USART2_UART_Init	8	static
../Core/Src/main.c:520:13:MX_GPIO_Init	48	static
../Core/Src/main.c:560:6:Error_Handler	4	static
